0000013b A num_got_entries
bc000000 T _start
bc000400 t reset
bc000684 t CPLL_READY
bc0006e8 t CPLL_DONE
bc000728 t LDO_1P8V
bc000740 t LDO_2P5V
bc000754 t DDRLDO_SOFT_START
bc000774 t LDO_DELAY
bc000798 t SET_RG_BUCK_FPWM
bc0007ac t DDR_PAD_CFG
bc00083c t MT7628_KN_PAD
bc000860 t MT7628_AN_DDR1_PAD
bc0008a4 t MT7628_AN_DDR2_PAD
bc0008d0 t SET_PAD_CFG
bc000948 t DDR_READY
bc000b0c t SDRAM_INIT_DOWN
bc000b14 t tRFCinit
bc000b80 T relocate_code
bc000bdc t in_ram
bc000c3c t romReserved
bc000c40 t romExcHandle
bc000c44 T init_cpu_pll
bc000d9c t CPLL_EXIT
bc000da0 T SDR_CFG0_TBL
bc000dc0 T SDR_CFG1_TBL
bc000de0 T DDR1_CFG0_TBL
bc000e08 T DDR1_CFG1_TBL
bc000e30 t DDR1_CFG2_TBL
bc000e58 t DDR1_CFG3_TBL
bc000e80 t DDR1_CFG4_TBL
bc000ea8 T DDR2_CFG0_TBL
bc000ec8 T DDR2_CFG1_TBL
bc000ee8 t DDR2_CFG2_TBL
bc000f08 t DDR2_CFG3_TBL
bc000f28 t DDR2_CFG4_TBL
bc000f50 T sbrk
bc000fa0 T board_init_f
bc001258 T OperationSelect
bc001340 T tftp_config
bc001814 T trigger_hw_reset
bc00181c T config_usb_ehciohci
bc001854 T disable_pcie
bc00188c T gpio_init
bc001914 T led_off
bc00192c T detect_wps
bc00198c T led_on
bc0019a4 T gpio_test
bc001bf0 T board_init_r
bc002b74 T hang
bc002ba4 T rw_rf_reg
bc002ca0 T do_rw_rf
bc002de0 t mips_count_get
bc002de8 T timer_init
bc002dfc T get_timer
bc002e40 T udelay
bc002ed0 T mdelay
bc002f20 T NetSetEther
bc002fa0 T ArpRequest
bc00310c t startAgainTimeout
bc003128 t startAgainHandler
bc003130 T NetSetTimeout
bc003194 T NetSetHandler
bc0031ac T NetStartAgain
bc0032a0 T ArpTimeoutCheck
bc003370 T NetSendPacket
bc003388 T NetCksum
bc0033d0 T NetSetIP
bc003544 T NetSendUDPPacket
bc003710 T NetCksumOk
bc003750 T NetEthHdrSize
bc003758 T copy_filename
bc0037cc T ip_to_string
bc00384c T string_to_ip
bc003910 T getenv_IPaddr
bc00394c T NetLoop
bc003df8 T print_IPaddr
bc003e3c T NetSendHttpd
bc003ed4 T NetReceiveHttpd
bc003fb8 T NetReceive
bc0045c8 T NetLoopHttpd
bc004aa0 T TftpSend
bc004cc0 t TftpHandler
bc005070 t TftpTimeout
bc005104 T TftpStart
bc0053b0 T eth_parse_enetaddr
bc005450 T eth_register
bc0054bc T eth_initialize
bc0056fc T eth_try_another
bc005734 T eth_init
bc0057e4 T eth_halt
bc00583c T eth_send
bc005874 T eth_rx
bc0058b0 T HttpdHandler
bc005a0c T HttpdStart
bc005a44 T do_http_upgrade
bc005b18 T do_http_progress
bc005d30 T uip_init
bc005dcc T uip_unlisten
bc005e28 T uip_listen
bc005e84 t uip_add_rcv_nxt
bc005f00 T uip_process
bc006f30 T uip_add32
bc007004 T uip_chksum
bc00707c T uip_ipchksum
bc0070b8 T uip_tcpchksum
bc007220 T uip_arp_init
bc0072a0 T uip_arp_timer
bc007368 t uip_arp_update
bc007548 T uip_arp_ipin
bc0075d8 T uip_arp_arpin
bc007750 T uip_arp_out
bc0079a0 t httpd_download_progress
bc007a18 T httpd_init
bc007a54 t httpd_state_reset
bc007ab4 t httpd_findandstore_firstchunk
bc007db0 T httpd_appcall
bc0086a0 T fs_open
bc008738 T fs_init
bc008740 T START_ETH
bc0087a0 T STOP_ETH
bc008808 T rt2880_free_buf_entry_dequeue
bc00883c t rt2880_free_buf_entry_enqueue
bc0088bc T rt2880_eth_initialize
bc008b0c T LANWANPartition
bc008b14 T isDMABusy
bc008b84 t rt2880_eth_init
bc008ea0 T mt7628_ephy_init
bc009114 T rt305x_esw_init
bc009254 t rt2880_eth_send
bc009454 t rt2880_eth_recv
bc009640 T rt2880_eth_halt
bc009658 t delete_char
bc0097b0 T readline
bc009a94 T input_value
bc009b30 T enable_mdio
bc009b38 T mii_mgr_read
bc009c84 T mii_mgr_write
bc009dcc T dump_phy_reg
bc009f80 T rt2880_mdio_access
bc00a430 t bbu_spic_busy_wait
bc00a4c4 T spic_init
bc00a4cc t bbu_mb_spic_trans
bc00a810 t bbu_spic_trans
bc00ab50 t raspi_read_rg
bc00aba0 t raspi_read_sr
bc00abc0 t raspi_write_rg
bc00ac14 t raspi_write_sr
bc00ac34 t raspi_read_devid
bc00acd0 t raspi_wait_ready
bc00add4 t raspi_4byte_mode
bc00b050 T chip_prob
bc00b190 T raspi_init
bc00b1d8 T raspi_erase
bc00b3e8 T raspi_read
bc00b56c T raspi_write
bc00b8a8 T raspi_erase_write
bc00bc98 T do_mem_cp
bc00bdc4 T do_flerase
bc00c0b8 T ralink_spi_command
bc00c6c0 T run_command
bc00cbc4 T main_loop
bc00ccd0 T do_go
bc00cdb0 T print_image_hdr
bc00d164 T do_bootm
bc00d770 T send_pad
bc00d7c8 T ktrans
bc00d804 T chk1
bc00d83c T s1_sendpacket
bc00d89c T send_ack
bc00d928 T send_nack
bc00d9b4 t bin_data_init
bc00d9e4 t bin_data_char
bc00da30 T k_data_init
bc00da50 T k_data_save
bc00daa0 T k_data_restore
bc00daf0 T k_data_char
bc00db94 T handle_send_packet
bc00ddf4 T do_load_serial_bin
bc00e440 T do_tftpb
bc00e870 T cmd_get_data_size
bc00e928 T do_mem_md
bc00ebf8 T do_mem_base
bc00ec64 T do_mem_loop
bc00edec t mod_mem
bc00eff8 T do_mem_nm
bc00f040 T do_mem_mm
bc00f090 t envmatch
bc00f134 T do_printenv
bc00f3a4 T _do_setenv
bc00fa94 T setenv
bc00fae8 T do_setenv
bc00fb5c T getenv
bc00fc34 T do_saveenv
bc00fc90 T do_version
bc00fcd0 T find_cmd
bc00fdf0 T do_help
bc010080 t console_setfile
bc010168 T serial_printf
bc0101c0 T fgetc
bc0101f8 T ftstc
bc010230 T fputc
bc010274 T fputs
bc0102b4 T fprintf
bc010314 T getc
bc010354 T tstc
bc010394 T putc
bc0103dc T puts
bc01041c T printf
bc010474 T vprintf
bc0104c0 T ctrlc
bc010544 T disable_ctrlc
bc010560 T had_ctrlc
bc010578 T clear_ctrlc
bc010590 T dbg
bc0105a0 T console_assign
bc0106bc T console_init_f
bc0106cc T console_init_r
bc010840 T device_register
bc010884 T devices_init
bc010980 T devices_done
bc0109c0 T malloc_bin_reloc
bc010a00 t do_check_chunk
bc010a08 t do_check_free_chunk
bc010a10 t do_check_inuse_chunk
bc010a18 t do_check_malloced_chunk
bc010a20 T malloc_trim
bc010b48 T free
bc010dbc T malloc
bc011508 T realloc
bc011a7c T memalign
bc011c14 T valloc
bc011c30 T pvalloc
bc011c54 T calloc
bc011d68 T cfree
bc011d80 T malloc_usable_size
bc011dd8 T mallopt
bc011e70 T env_crc_update
bc011ec0 t env_get_char_init
bc011f0c T env_get_char_memory
bc011f40 T env_get_addr
bc011f70 T env_relocate
bc012060 t dummy
bc012068 T get_version
bc012070 T jumptable_init
bc012110 T NewHandle
bc0121bc T DisposeHandle
bc012218 T GetHandleSize
bc012220 T SetHandleSize
bc0122e8 T ListCreate
bc012358 T ListDispose
bc012370 T ListInsertItems
bc0125bc T ListInsertItem
bc0125d4 T ListGetPtrToItem
bc012614 T ListNumItems
bc012620 T env_get_char_spec
bc012630 T env_init
bc012654 T spi_env_init
bc012720 T saveenv
bc01287c T env_relocate_spec
bc0128b0 T crc32
bc012ad0 T display_options
bc012b10 T print_size
bc012c20 T strchr
bc012c5c T strlen
bc012c80 T strrchr
bc012cf8 T strnlen
bc012d34 T memset
bc012d60 T memcpy
bc012d90 T memmove
bc012e0c T memcmp
bc012e3c T strstr
bc012f00 T simple_strtoul
bc012ff4 T simple_strtol
bc013044 t skip_atoi
bc0130a4 t number
bc013318 T vsprintf
bc013874 T sprintf
bc0138b0 T panic
bc013930 T RangeDecoderReadByte
bc013964 T RangeDecoderInit
bc0139ec T RangeDecoderDecodeDirectBits
bc013aa8 T RangeDecoderBitDecode
bc013bbc T RangeDecoderBitTreeDecode
bc013c50 T RangeDecoderReverseBitTreeDecode
bc013cf4 T LzmaLiteralDecode
bc013d64 T LzmaLiteralDecodeMatch
bc013e3c T LzmaLenDecode
bc013f28 T LzmaDecode
bc01439c T lzmaBuffToBuffDecompress
bc0145b0 T get_ram_size
bc0146e4 T initdram
bc014720 T checkboard
bc014760 T serial_setbrg
bc0147c4 T serial_init
bc0147fc T serial_putc
bc014850 T serial_tstc
bc014864 T serial_getc
bc014888 T serial_puts
bc0148e0 T do_reset
bc0148f8 T flush_cache
bc014994 T flush_dcache_range
bc0149d4 T invalidate_dcache_range
bc014a20 t linux_env_set
bc014b48 T do_bootm_linux
bc015330 R version_string
bc015410 r data_vt_png
bc01a484 r data_style_css
bc01a630 r data_index_html
bc01a9e8 r data_flashing_html
bc01af88 r data_fail_html
bc01b174 r data_404_html
bc01b350 r __func__.2
bc01b364 r __func__.8
bc01b378 r __func__.1
bc01b3a4 r __func__.4
bc01b3b4 r __func__.3
bc01b3c4 r __func__.0
bc01b3d8 r __func__.9
bc01b3ec r __func__.10
bc01b400 r __func__.6
bc01b410 r __func__.11
bc01b41c r __func__.7
bc01b428 r __func__.5
bc01b500 r baudrate_table
bc01b520 r p.0
bc01eba0 D NetBcastAddr
bc01ebb0 D uip_ethaddr
bc01ebc0 d eol
bc01ebc4 d eol2
bc01ebd0 d tab_seq
bc01ebdc d erase_seq
bc01ebe0 D stm_opcodes
bc01ec20 D load_addr
bc01ec30 D dp_last_length
bc01ec40 d mmap_threshold
bc01ec44 d trim_threshold
bc01ec48 d sbrk_base
bc01ec50 D default_environment
bc01ecd0 d flash_addr
bc01ece0 d crc_table_empty
bc01ecf0 D _ctype
bc01edf0 D file_vt_png
bc01ee00 D file_style_css
bc01ee10 D file_index_html
bc01ee20 D file_flashing_html
bc01ee30 D file_fail_html
bc01ee40 D file_404_html
bc01ee50 d chips_data
bc01f1e0 D stdio_names
bc01f1ec d av_
bc01f5f4 D env_get_char
bc01f5f8 D env_name_spec
bc01f600 A _gp
bc01f600 D _GLOBAL_OFFSET_TABLE_
bc01f600 D __got_start
bc01faec A __u_boot_cmd_start
bc01faec D __got_end
bc01faec D __u_boot_cmd_rf
bc01fb04 D __u_boot_cmd_mdio
bc01fb1c D __u_boot_cmd_spi
bc01fb34 D __u_boot_cmd_erase
bc01fb4c D __u_boot_cmd_cp
bc01fb64 D __u_boot_cmd_reset
bc01fb7c D __u_boot_cmd_go
bc01fb94 D __u_boot_cmd_bootm
bc01fbac D __u_boot_cmd_loadb
bc01fbc4 D __u_boot_cmd_tftpboot
bc01fbdc D __u_boot_cmd_nm
bc01fbf4 D __u_boot_cmd_mm
bc01fc0c D __u_boot_cmd_md
bc01fc24 D __u_boot_cmd_saveenv
bc01fc3c D __u_boot_cmd_setenv
bc01fc54 D __u_boot_cmd_printenv
bc01fc6c D __u_boot_cmd_question_mark
bc01fc84 D __u_boot_cmd_help
bc01fc9c D __u_boot_cmd_version
bc01fcb4 A __u_boot_cmd_end
bc01fcb4 A uboot_end_data
bc01fcc0 B modifies
bc01fcc4 b mem_malloc_start
bc01fcc8 b mem_malloc_end
bc01fccc b mem_malloc_brk
bc01fcd0 b file_name_space
bc01fd50 B NetTxPacket
bc01fd54 B NetEtherNullAddr
bc01fd5c B NetServerEther
bc01fd62 B NetBootFileSize
bc01fd64 B NetOurRootPath
bc01fda4 B NetOurHostName
bc01fdc4 B NetOurNISDomain
bc01fde4 B NetOurDNSIP
bc01fde8 B NetOurGatewayIP
bc01fdec B NetOurSubnetMask
bc01fdf0 B webfailsafe_upgrade_type
bc01fdf4 B webfailsafe_ready_for_upgrade
bc01fdf8 B webfailsafe_is_running
bc01fdfc B webfailsafe_data_pointer
bc01fe00 b packetHandler
bc01fe04 b timeHandler
bc01fe08 b timeStart
bc01fe0c b timeDelta
bc01fe10 b TftpServerPort
bc01fe14 b TftpOurPort
bc01fe18 b TftpTimeoutCount
bc01fe1c b TftpBlock
bc01fe20 b TftpLastBlock
bc01fe24 b TftpBlockWrap
bc01fe28 b TftpBlockWrapOffset
bc01fe2c b TftpState
bc01fe30 b default_filename
bc01fe40 b tftp_filename
bc01fe50 b first_failed.0
bc01fe54 b eth_devices
bc01fe58 b eth_current
bc01fe60 b arptimer
bc01fe70 b ipid
bc01fe74 b iss
bc01fe78 b c
bc01fe79 b opt
bc01fe7a b tmp16
bc01fe80 b arp_table
bc01fe98 b ipaddr
bc01fe9c b i
bc01fe9d b c
bc01fe9e b arptime
bc01fe9f b tmpage
bc01fea0 b webfailsafe_upload_failed
bc01fea4 b webfailsafe_post_done
bc01fea8 b data_start_found
bc01feac b post_packet_counter
bc01feb0 b boundary_value
bc01fec0 b rt2880_free_buf
bc0201a0 b tx_ring0_cache
bc020320 b rx_ring_cache
bc0204a0 b rx_dma_owner_idx0
bc0204a4 b rx_wants_alloc_idx0
bc0204a8 b tx_cpu_owner_idx0
bc0204ac b rx_ring
bc0204b0 b tx_ring0
bc0204b4 b rxRingSize
bc0204b5 b txRingSize
bc0204b8 b rt2880_eth_initd
bc0204bc b PKT_HEADER_Buf_Pool
bc036d00 B spi_chip_info
bc036d10 b lastcommand.0
bc036e10 b a_b
bc036e28 b os_data_state
bc036e2c b os_data_state_saved
bc036e30 b os_data_count_saved
bc036e34 b os_data_addr
bc036e38 b os_data_addr_saved
bc036e3c b bin_start_address
bc036e40 b k_data_escape
bc036e44 b k_data_escape_saved
bc036e50 b base_address
bc036e60 b ctrlc_was_pressed
bc036e64 b ctrlc_disabled
bc036e70 B stdio_devices
bc036e7c B devlist
bc036e80 b n_mmaps_max
bc036e84 b top_pad
bc036e88 b current_mallinfo
bc036eb0 b max_total_mem
bc036eb4 b mmapped_mem
bc036eb8 b max_sbrked_mem
bc036ec0 b crc_table
bc0372c0 b linux_argc
bc0372c4 b linux_argv
bc0372c8 b linux_env
bc0372cc b linux_env_p
bc0372d0 b linux_env_idx
bc0372e0 B gd_data
bc037304 B Pkt_Buf_Pool
bc04e744 B NetRxPackets
bc04e834 B BootFile
bc04e8b4 B NetArpWaitPacketBuf
bc04eef4 B uip_conns
bc04ef4c B uip_buf
bc04f52c B console_buffer
bc04f62c B console_history
bc05002c B header
bc05006c B os_data_header
bc05008c B send_parms
bc0500a0 A uboot_end
bc0500a0 C monitor_flash_len
bc0500a4 C mips_bus_feq
bc0500a8 C mips_cpu_feq
bc0500ac C NetArpWaitTry
bc0500b0 C NetArpWaitPacketMAC
bc0500b4 C NetOurEther
bc0500bc C NetOurIP
bc0500c0 C NetServerIP
bc0500c4 C NetArpWaitTxPacketSize
bc0500c8 C NetArpWaitReplyIP
bc0500cc C NetArpWaitTxPacket
bc0500d0 C NetArpWaitPacketIP
bc0500d4 C NetState
bc0500d8 C NetIPID
bc0500dc C NetRxPkt
bc0500e0 C NetRxPktLen
bc0500e4 C NetBootFileXferSize
bc0500e8 C PktBuf
bc0500ec C NetArpWaitTimerStart
bc0500f0 C TftpStarted
bc0500f4 C uip_len
bc0500f8 C uip_sappdata
bc0500fc C uip_acc32
bc050100 C uip_flags
bc050104 C uip_appdata
bc050108 C uip_conn
bc05010c C uip_arp_netmask
bc050110 C uip_listenports
bc050112 C uip_surglen
bc050114 C uip_urgdata
bc050118 C uip_hostaddr
bc05011c C uip_arp_draddr
bc050120 C uip_urglen
bc050122 C uip_slen
bc050124 C hs
bc050128 C rt2880_free_buf_list
bc050130 C PKT_HEADER_Buf
bc050134 C rt2880_pdev
bc050138 C rt2880_busing_buf_list
bc050140 C his_pad_char
bc050144 C os_data_count
bc050148 C os_data_init
bc05014c C send_ptr
bc050150 C os_data_char
bc050154 C his_eol
bc050155 C his_quote
bc050158 C his_pad_count
bc05015c C dp_last_size
bc050160 C dp_last_addr
bc050164 C mm_last_size
bc050168 C mm_last_addr
bc05016c C env_ptr
bc050170 C ___strtok
