0000013b A num_got_entries
bc000000 T _start
bc000400 t reset
bc000684 t CPLL_READY
bc0006e8 t CPLL_DONE
bc000728 t LDO_1P8V
bc000740 t LDO_2P5V
bc000754 t DDRLDO_SOFT_START
bc000774 t LDO_DELAY
bc000798 t SET_RG_BUCK_FPWM
bc0007ac t DDR_PAD_CFG
bc00083c t MT7628_KN_PAD
bc000860 t MT7628_AN_DDR1_PAD
bc0008a4 t MT7628_AN_DDR2_PAD
bc0008d0 t SET_PAD_CFG
bc000948 t DDR_READY
bc000b0c t SDRAM_INIT_DOWN
bc000b14 t tRFCinit
bc000b80 T relocate_code
bc000bdc t in_ram
bc000c3c t romReserved
bc000c40 t romExcHandle
bc000c44 T init_cpu_pll
bc000d9c t CPLL_EXIT
bc000da0 T SDR_CFG0_TBL
bc000dc0 T SDR_CFG1_TBL
bc000de0 T DDR1_CFG0_TBL
bc000e08 T DDR1_CFG1_TBL
bc000e30 t DDR1_CFG2_TBL
bc000e58 t DDR1_CFG3_TBL
bc000e80 t DDR1_CFG4_TBL
bc000ea8 T DDR2_CFG0_TBL
bc000ec8 T DDR2_CFG1_TBL
bc000ee8 t DDR2_CFG2_TBL
bc000f08 t DDR2_CFG3_TBL
bc000f28 t DDR2_CFG4_TBL
bc000f50 T sbrk
bc000fa0 T board_init_f
bc00125c T OperationSelect
bc001344 T tftp_config
bc001818 T trigger_hw_reset
bc001820 T config_usb_ehciohci
bc001858 T disable_pcie
bc001890 T gpio_init
bc001918 T led_off
bc001930 T detect_wps
bc001990 T led_on
bc0019a8 T gpio_test
bc001bf4 T board_init_r
bc002b78 T hang
bc002ba8 T rw_rf_reg
bc002ca4 T do_rw_rf
bc002df0 t mips_count_get
bc002df8 T timer_init
bc002e0c T get_timer
bc002e50 T udelay
bc002ee0 T mdelay
bc002f30 T NetSetEther
bc002fb0 T ArpRequest
bc00311c t startAgainTimeout
bc003138 t startAgainHandler
bc003140 T NetSetTimeout
bc0031a4 T NetSetHandler
bc0031bc T NetStartAgain
bc0032b0 T ArpTimeoutCheck
bc003380 T NetSendPacket
bc003398 T NetCksum
bc0033e0 T NetSetIP
bc003554 T NetSendUDPPacket
bc003720 T NetCksumOk
bc003760 T NetEthHdrSize
bc003768 T copy_filename
bc0037dc T ip_to_string
bc00385c T string_to_ip
bc003920 T getenv_IPaddr
bc00395c T NetLoop
bc003e08 T print_IPaddr
bc003e4c T NetSendHttpd
bc003ee4 T NetReceiveHttpd
bc003fc8 T NetReceive
bc0045d8 T NetLoopHttpd
bc004ab0 T TftpSend
bc004cd0 t TftpHandler
bc005080 t TftpTimeout
bc005114 T TftpStart
bc0053c0 T eth_parse_enetaddr
bc005460 T eth_register
bc0054cc T eth_initialize
bc00570c T eth_try_another
bc005744 T eth_init
bc0057f4 T eth_halt
bc00584c T eth_send
bc005884 T eth_rx
bc0058c0 T HttpdHandler
bc005a1c T HttpdStart
bc005a54 T do_http_upgrade
bc005b28 T do_http_progress
bc005d40 T uip_init
bc005ddc T uip_unlisten
bc005e38 T uip_listen
bc005e94 t uip_add_rcv_nxt
bc005f10 T uip_process
bc006f40 T uip_add32
bc007014 T uip_chksum
bc00708c T uip_ipchksum
bc0070c8 T uip_tcpchksum
bc007230 T uip_arp_init
bc0072b0 T uip_arp_timer
bc007378 t uip_arp_update
bc007558 T uip_arp_ipin
bc0075e8 T uip_arp_arpin
bc007760 T uip_arp_out
bc0079b0 t httpd_download_progress
bc007a28 T httpd_init
bc007a64 t httpd_state_reset
bc007ac4 t httpd_findandstore_firstchunk
bc007dc0 T httpd_appcall
bc0086b0 T fs_open
bc008748 T fs_init
bc008750 T START_ETH
bc0087b0 T STOP_ETH
bc008818 T rt2880_free_buf_entry_dequeue
bc00884c t rt2880_free_buf_entry_enqueue
bc0088cc T rt2880_eth_initialize
bc008b1c T LANWANPartition
bc008b24 T isDMABusy
bc008b94 t rt2880_eth_init
bc008eb0 T mt7628_ephy_init
bc009124 T rt305x_esw_init
bc009264 t rt2880_eth_send
bc009464 t rt2880_eth_recv
bc009650 T rt2880_eth_halt
bc009668 t delete_char
bc0097c0 T readline
bc009aa4 T input_value
bc009b40 T enable_mdio
bc009b48 T mii_mgr_read
bc009c94 T mii_mgr_write
bc009ddc T dump_phy_reg
bc009f90 T rt2880_mdio_access
bc00a440 t bbu_spic_busy_wait
bc00a4d4 T spic_init
bc00a4dc t bbu_mb_spic_trans
bc00a820 t bbu_spic_trans
bc00ab60 t raspi_read_rg
bc00abb0 t raspi_read_sr
bc00abd0 t raspi_write_rg
bc00ac24 t raspi_write_sr
bc00ac44 t raspi_read_devid
bc00ace0 t raspi_wait_ready
bc00ade4 t raspi_4byte_mode
bc00b060 T chip_prob
bc00b1a0 T raspi_init
bc00b1e8 T raspi_erase
bc00b3f8 T raspi_read
bc00b57c T raspi_write
bc00b8b8 T raspi_erase_write
bc00bca8 T do_mem_cp
bc00bdd4 T do_flerase
bc00c0c8 T ralink_spi_command
bc00c6d0 T run_command
bc00cbd4 T main_loop
bc00cce0 T do_go
bc00cdc0 T print_image_hdr
bc00d174 T do_bootm
bc00d780 T send_pad
bc00d7d8 T ktrans
bc00d814 T chk1
bc00d84c T s1_sendpacket
bc00d8ac T send_ack
bc00d938 T send_nack
bc00d9c4 t bin_data_init
bc00d9f4 t bin_data_char
bc00da40 T k_data_init
bc00da60 T k_data_save
bc00dab0 T k_data_restore
bc00db00 T k_data_char
bc00dba4 T handle_send_packet
bc00de04 T do_load_serial_bin
bc00e450 T do_tftpb
bc00e880 T cmd_get_data_size
bc00e938 T do_mem_md
bc00ec08 T do_mem_base
bc00ec74 T do_mem_loop
bc00edfc t mod_mem
bc00f008 T do_mem_nm
bc00f050 T do_mem_mm
bc00f0a0 t envmatch
bc00f144 T do_printenv
bc00f3b4 T _do_setenv
bc00faa4 T setenv
bc00faf8 T do_setenv
bc00fb6c T getenv
bc00fc44 T do_saveenv
bc00fca0 T do_version
bc00fce0 T find_cmd
bc00fe00 T do_help
bc010090 t console_setfile
bc010178 T serial_printf
bc0101d0 T fgetc
bc010208 T ftstc
bc010240 T fputc
bc010284 T fputs
bc0102c4 T fprintf
bc010324 T getc
bc010364 T tstc
bc0103a4 T putc
bc0103ec T puts
bc01042c T printf
bc010484 T vprintf
bc0104d0 T ctrlc
bc010554 T disable_ctrlc
bc010570 T had_ctrlc
bc010588 T clear_ctrlc
bc0105a0 T dbg
bc0105b0 T console_assign
bc0106cc T console_init_f
bc0106dc T console_init_r
bc010850 T device_register
bc010894 T devices_init
bc010990 T devices_done
bc0109d0 T malloc_bin_reloc
bc010a10 t do_check_chunk
bc010a18 t do_check_free_chunk
bc010a20 t do_check_inuse_chunk
bc010a28 t do_check_malloced_chunk
bc010a30 T malloc_trim
bc010b58 T free
bc010dcc T malloc
bc011518 T realloc
bc011a8c T memalign
bc011c24 T valloc
bc011c40 T pvalloc
bc011c64 T calloc
bc011d78 T cfree
bc011d90 T malloc_usable_size
bc011de8 T mallopt
bc011e80 T env_crc_update
bc011ed0 t env_get_char_init
bc011f1c T env_get_char_memory
bc011f50 T env_get_addr
bc011f80 T env_relocate
bc012070 t dummy
bc012078 T get_version
bc012080 T jumptable_init
bc012120 T NewHandle
bc0121cc T DisposeHandle
bc012228 T GetHandleSize
bc012230 T SetHandleSize
bc0122f8 T ListCreate
bc012368 T ListDispose
bc012380 T ListInsertItems
bc0125cc T ListInsertItem
bc0125e4 T ListGetPtrToItem
bc012624 T ListNumItems
bc012630 T env_get_char_spec
bc012640 T env_init
bc012664 T spi_env_init
bc012730 T saveenv
bc01288c T env_relocate_spec
bc0128c0 T crc32
bc012ae0 T display_options
bc012b20 T print_size
bc012c30 T strchr
bc012c6c T strlen
bc012c90 T strrchr
bc012d08 T strnlen
bc012d44 T memset
bc012d70 T memcpy
bc012da0 T memmove
bc012e1c T memcmp
bc012e4c T strstr
bc012f10 T simple_strtoul
bc013004 T simple_strtol
bc013054 t skip_atoi
bc0130b4 t number
bc013328 T vsprintf
bc013884 T sprintf
bc0138c0 T panic
bc013940 T RangeDecoderReadByte
bc013974 T RangeDecoderInit
bc0139fc T RangeDecoderDecodeDirectBits
bc013ab8 T RangeDecoderBitDecode
bc013bcc T RangeDecoderBitTreeDecode
bc013c60 T RangeDecoderReverseBitTreeDecode
bc013d04 T LzmaLiteralDecode
bc013d74 T LzmaLiteralDecodeMatch
bc013e4c T LzmaLenDecode
bc013f38 T LzmaDecode
bc0143ac T lzmaBuffToBuffDecompress
bc0145c0 T get_ram_size
bc0146f4 T initdram
bc014730 T checkboard
bc014770 T serial_setbrg
bc0147d4 T serial_init
bc01480c T serial_putc
bc014860 T serial_tstc
bc014874 T serial_getc
bc014898 T serial_puts
bc0148f0 T do_reset
bc014908 T flush_cache
bc0149a4 T flush_dcache_range
bc0149e4 T invalidate_dcache_range
bc014a30 t linux_env_set
bc014b58 T do_bootm_linux
bc015340 R version_string
bc015420 r data_vt_png
bc01a494 r data_style_css
bc01a640 r data_index_html
bc01a9f8 r data_flashing_html
bc01af98 r data_fail_html
bc01b184 r data_404_html
bc01b360 r __func__.2
bc01b374 r __func__.8
bc01b388 r __func__.1
bc01b3b4 r __func__.4
bc01b3c4 r __func__.3
bc01b3d4 r __func__.0
bc01b3e8 r __func__.9
bc01b3fc r __func__.10
bc01b410 r __func__.6
bc01b420 r __func__.11
bc01b42c r __func__.7
bc01b438 r __func__.5
bc01b510 r baudrate_table
bc01b530 r p.0
bc01ebb0 D NetBcastAddr
bc01ebc0 D uip_ethaddr
bc01ebd0 d eol
bc01ebd4 d eol2
bc01ebe0 d tab_seq
bc01ebec d erase_seq
bc01ebf0 D stm_opcodes
bc01ec30 D load_addr
bc01ec40 D dp_last_length
bc01ec50 d mmap_threshold
bc01ec54 d trim_threshold
bc01ec58 d sbrk_base
bc01ec60 D default_environment
bc01ece0 d flash_addr
bc01ecf0 d crc_table_empty
bc01ed00 D _ctype
bc01ee00 D file_vt_png
bc01ee10 D file_style_css
bc01ee20 D file_index_html
bc01ee30 D file_flashing_html
bc01ee40 D file_fail_html
bc01ee50 D file_404_html
bc01ee60 d chips_data
bc01f1f0 D stdio_names
bc01f1fc d av_
bc01f604 D env_get_char
bc01f608 D env_name_spec
bc01f610 A _gp
bc01f610 D _GLOBAL_OFFSET_TABLE_
bc01f610 D __got_start
bc01fafc A __u_boot_cmd_start
bc01fafc D __got_end
bc01fafc D __u_boot_cmd_rf
bc01fb14 D __u_boot_cmd_mdio
bc01fb2c D __u_boot_cmd_spi
bc01fb44 D __u_boot_cmd_erase
bc01fb5c D __u_boot_cmd_cp
bc01fb74 D __u_boot_cmd_reset
bc01fb8c D __u_boot_cmd_go
bc01fba4 D __u_boot_cmd_bootm
bc01fbbc D __u_boot_cmd_loadb
bc01fbd4 D __u_boot_cmd_tftpboot
bc01fbec D __u_boot_cmd_nm
bc01fc04 D __u_boot_cmd_mm
bc01fc1c D __u_boot_cmd_md
bc01fc34 D __u_boot_cmd_saveenv
bc01fc4c D __u_boot_cmd_setenv
bc01fc64 D __u_boot_cmd_printenv
bc01fc7c D __u_boot_cmd_question_mark
bc01fc94 D __u_boot_cmd_help
bc01fcac D __u_boot_cmd_version
bc01fcc4 A __u_boot_cmd_end
bc01fcc4 A uboot_end_data
bc01fce0 B modifies
bc01fce4 b mem_malloc_start
bc01fce8 b mem_malloc_end
bc01fcec b mem_malloc_brk
bc01fcf0 b file_name_space
bc01fd70 B NetTxPacket
bc01fd74 B NetEtherNullAddr
bc01fd7c B NetServerEther
bc01fd82 B NetBootFileSize
bc01fd84 B NetOurRootPath
bc01fdc4 B NetOurHostName
bc01fde4 B NetOurNISDomain
bc01fe04 B NetOurDNSIP
bc01fe08 B NetOurGatewayIP
bc01fe0c B NetOurSubnetMask
bc01fe10 B webfailsafe_upgrade_type
bc01fe14 B webfailsafe_ready_for_upgrade
bc01fe18 B webfailsafe_is_running
bc01fe1c B webfailsafe_data_pointer
bc01fe20 b packetHandler
bc01fe24 b timeHandler
bc01fe28 b timeStart
bc01fe2c b timeDelta
bc01fe30 b TftpServerPort
bc01fe34 b TftpOurPort
bc01fe38 b TftpTimeoutCount
bc01fe3c b TftpBlock
bc01fe40 b TftpLastBlock
bc01fe44 b TftpBlockWrap
bc01fe48 b TftpBlockWrapOffset
bc01fe4c b TftpState
bc01fe50 b default_filename
bc01fe60 b tftp_filename
bc01fe70 b first_failed.0
bc01fe74 b eth_devices
bc01fe78 b eth_current
bc01fe80 b arptimer
bc01fe90 b ipid
bc01fe94 b iss
bc01fe98 b c
bc01fe99 b opt
bc01fe9a b tmp16
bc01fea0 b arp_table
bc01feb8 b ipaddr
bc01febc b i
bc01febd b c
bc01febe b arptime
bc01febf b tmpage
bc01fec0 b webfailsafe_upload_failed
bc01fec4 b webfailsafe_post_done
bc01fec8 b data_start_found
bc01fecc b post_packet_counter
bc01fed0 b boundary_value
bc01fee0 b rt2880_free_buf
bc0201c0 b tx_ring0_cache
bc020340 b rx_ring_cache
bc0204c0 b rx_dma_owner_idx0
bc0204c4 b rx_wants_alloc_idx0
bc0204c8 b tx_cpu_owner_idx0
bc0204cc b rx_ring
bc0204d0 b tx_ring0
bc0204d4 b rxRingSize
bc0204d5 b txRingSize
bc0204d8 b rt2880_eth_initd
bc0204dc b PKT_HEADER_Buf_Pool
bc036d20 B spi_chip_info
bc036d30 b lastcommand.0
bc036e30 b a_b
bc036e48 b os_data_state
bc036e4c b os_data_state_saved
bc036e50 b os_data_count_saved
bc036e54 b os_data_addr
bc036e58 b os_data_addr_saved
bc036e5c b bin_start_address
bc036e60 b k_data_escape
bc036e64 b k_data_escape_saved
bc036e70 b base_address
bc036e80 b ctrlc_was_pressed
bc036e84 b ctrlc_disabled
bc036e90 B stdio_devices
bc036e9c B devlist
bc036ea0 b n_mmaps_max
bc036ea4 b top_pad
bc036ea8 b current_mallinfo
bc036ed0 b max_total_mem
bc036ed4 b mmapped_mem
bc036ed8 b max_sbrked_mem
bc036ee0 b crc_table
bc0372e0 b linux_argc
bc0372e4 b linux_argv
bc0372e8 b linux_env
bc0372ec b linux_env_p
bc0372f0 b linux_env_idx
bc037300 B gd_data
bc037324 B Pkt_Buf_Pool
bc04e764 B NetRxPackets
bc04e854 B BootFile
bc04e8d4 B NetArpWaitPacketBuf
bc04ef14 B uip_conns
bc04ef6c B uip_buf
bc04f54c B console_buffer
bc04f64c B console_history
bc05004c B header
bc05008c B os_data_header
bc0500ac B send_parms
bc0500c0 A uboot_end
bc0500c0 C monitor_flash_len
bc0500c4 C mips_bus_feq
bc0500c8 C mips_cpu_feq
bc0500cc C NetArpWaitTry
bc0500d0 C NetArpWaitPacketMAC
bc0500d4 C NetOurEther
bc0500dc C NetOurIP
bc0500e0 C NetServerIP
bc0500e4 C NetArpWaitTxPacketSize
bc0500e8 C NetArpWaitReplyIP
bc0500ec C NetArpWaitTxPacket
bc0500f0 C NetArpWaitPacketIP
bc0500f4 C NetState
bc0500f8 C NetIPID
bc0500fc C NetRxPkt
bc050100 C NetRxPktLen
bc050104 C NetBootFileXferSize
bc050108 C PktBuf
bc05010c C NetArpWaitTimerStart
bc050110 C TftpStarted
bc050114 C uip_len
bc050118 C uip_sappdata
bc05011c C uip_acc32
bc050120 C uip_flags
bc050124 C uip_appdata
bc050128 C uip_conn
bc05012c C uip_arp_netmask
bc050130 C uip_listenports
bc050132 C uip_surglen
bc050134 C uip_urgdata
bc050138 C uip_hostaddr
bc05013c C uip_arp_draddr
bc050140 C uip_urglen
bc050142 C uip_slen
bc050144 C hs
bc050148 C rt2880_free_buf_list
bc050150 C PKT_HEADER_Buf
bc050154 C rt2880_pdev
bc050158 C rt2880_busing_buf_list
bc050160 C his_pad_char
bc050164 C os_data_count
bc050168 C os_data_init
bc05016c C send_ptr
bc050170 C os_data_char
bc050174 C his_eol
bc050175 C his_quote
bc050178 C his_pad_count
bc05017c C dp_last_size
bc050180 C dp_last_addr
bc050184 C mm_last_size
bc050188 C mm_last_addr
bc05018c C env_ptr
bc050190 C ___strtok
